###############################################################################
#
# IAR ELF Linker V3.11.1.207 for STM8                     15/Jan/2021  17:10:06
# Copyright 2010-2019 IAR Systems AB.
#
#    Output file  =  .\build\Debug\BLE_O2N.out
#    Map file     =  .\build\Debug\BLE_O2N.map
#    Command line =  
#        -f d:\myfile_yan\BLE-MESH\BLE_O2N\build\Debug\BLE_O2N.lnp (--silent
#        --redirect _Scanf=_ScanfSmall --redirect _Printf=_PrintfTiny --config
#        lnkstm8l151k4.icf --config_def _CSTACK_SIZE=0x0200 --config_def
#        _HEAP_SIZE=0x0200 --debug_lib --map .\build\Debug\BLE_O2N.map
#        .\build\Debug\stm8l15x_adc.o .\build\Debug\stm8l15x_aes.o
#        .\build\Debug\stm8l15x_beep.o .\build\Debug\stm8l15x_clk.o
#        .\build\Debug\stm8l15x_comp.o .\build\Debug\stm8l15x_dac.o
#        .\build\Debug\stm8l15x_dma.o .\build\Debug\stm8l15x_exti.o
#        .\build\Debug\stm8l15x_flash.o .\build\Debug\stm8l15x_gpio.o
#        .\build\Debug\stm8l15x_i2c.o .\build\Debug\stm8l15x_irtim.o
#        .\build\Debug\stm8l15x_itc.o .\build\Debug\stm8l15x_iwdg.o
#        .\build\Debug\stm8l15x_lcd.o .\build\Debug\stm8l15x_pwr.o
#        .\build\Debug\stm8l15x_rst.o .\build\Debug\stm8l15x_rtc.o
#        .\build\Debug\stm8l15x_spi.o .\build\Debug\stm8l15x_syscfg.o
#        .\build\Debug\stm8l15x_tim1.o .\build\Debug\stm8l15x_tim2.o
#        .\build\Debug\stm8l15x_tim3.o .\build\Debug\stm8l15x_tim4.o
#        .\build\Debug\stm8l15x_tim5.o .\build\Debug\stm8l15x_usart.o
#        .\build\Debug\stm8l15x_wfe.o .\build\Debug\stm8l15x_wwdg.o
#        .\build\Debug\delay.o .\build\Debug\bsp_conf.o .\build\Debug\main.o
#        .\build\Debug\stm8l15x_it.o .\build\Debug\user_app.o -o
#        .\build\Debug\BLE_O2N.out)
#
###############################################################################

*******************************************************************************
*** RUNTIME MODEL ATTRIBUTES
***

__Heap_Handler             = Basic
__SystemLibrary            = DLib
__code_model               = small
__core                     = stm8
__data_model               = medium
__dlib_file_descriptor     = 0
__dlib_full_locale_support = 0
__rt_version               = 4


*******************************************************************************
*** PLACEMENT SUMMARY
***

"A0":  place at start of [0x000000-0x0000ff] { rw section .vregs };
"A1":  place at end of [0x000000-0x0007ff] { block CSTACK };
"P2":  place in [from 0x000000 to 0x0007ff] {
          block HEAP, rw section __DLIB_PERTHREAD, rw section .far.bss,
          rw section .far.data, rw section .far.noinit,
          rw section .far_func.textrw, rw section .huge.bss,
          rw section .huge.data, rw section .huge.noinit,
          rw section .huge_func.textrw, rw section .iar.dynexit,
          rw section .near.bss, rw section .near.data, rw section .near.noinit,
          rw section .near_func.textrw };
"A2":  place at start of [0x008000-0x00bfff] { block INTVEC };
"P3":  place in [from 0x008000 to 0x00bfff] {
          ro section __DLIB_PERTHREAD_init, ro section .far.data_init,
          ro section .far_func.textrw_init, ro section .huge.data_init,
          ro section .huge_func.textrw_init, ro section .iar.init_table,
          ro section .init_array, ro section .near.data_init,
          ro section .near.rodata, ro section .near_func.text,
          ro section .near_func.textrw_init, ro section .tiny.data_init,
          ro section .tiny.rodata_init };
"P4":  place in [from 0x008000 to 0x00bfff] {
          ro section .far.rodata, ro section .far_func.text };
"P5":  place in [from 0x008000 to 0x00bfff] {
          ro section .huge.rodata, ro section .huge_func.text };
do not initialize {
   rw section .eeprom.noinit, rw section .far.noinit, rw section .huge.noinit,
   rw section .near.noinit, rw section .tiny.noinit, rw section .vregs };
initialize by copy {
   rw section .far.bss, rw section .far.data, rw section .far_func.textrw,
   rw section .huge.bss, rw section .huge.data, rw section .huge_func.textrw,
   rw section .iar.dynexit, rw section .near.bss, rw section .near.data,
   rw section .near_func.textrw, rw section .tiny.bss, rw section .tiny.data,
   ro section .tiny.rodata };

No sections matched the following patterns:

  ro section .far.data_init          in "P3-P5"
  ro section .far.rodata             in "P3-P5"
  ro section .far_func.text          in "P3-P5"
  ro section .far_func.textrw_init   in "P3-P5"
  ro section .huge.data_init         in "P3-P5"
  ro section .huge.rodata            in "P3-P5"
  ro section .huge_func.text         in "P3-P5"
  ro section .huge_func.textrw_init  in "P3-P5"
  ro section .iar.init_table         in "P3-P5"
  ro section .init_array             in "P3-P5"
  ro section .near_func.textrw_init  in "P3-P5"
  ro section .tiny.data_init         in "P3-P5"
  ro section .tiny.rodata_init       in "P3-P5"
  ro section __DLIB_PERTHREAD_init   in "P3-P5"
  rw section .far.bss                in "P2"
  rw section .far.data               in "P2"
  rw section .far.noinit             in "P2"
  rw section .far_func.textrw        in "P2"
  rw section .huge.bss               in "P2"
  rw section .huge.data              in "P2"
  rw section .huge.noinit            in "P2"
  rw section .huge_func.textrw       in "P2"
  rw section .iar.dynexit            in "P2"
  rw section .near.noinit            in "P2"
  rw section .near_func.textrw       in "P2"
  rw section .tiny.bss               in "P1"
  rw section .tiny.data              in "P1"
  rw section .tiny.noinit            in "P1"
  rw section .tiny.rodata            in "P1"
  rw section __DLIB_PERTHREAD        in "P2"
  section .eeprom.data               in "P6-P8"
  section .eeprom.noinit             in "P6-P8"
  section .eeprom.rodata             in "P6-P8"


  Section            Kind      Address   Size  Object
  -------            ----      -------   ----  ------
"A0":                                    0x10
  .vregs             uninit   0x000000   0x10  vregs.o [4]
                            - 0x000010   0x10

"P2", part 1 of 2:                        0x1
  P2-1                        0x000010    0x1  <Init block>
    .near.data       inited   0x000010    0x1  user_app.o [2]
                            - 0x000011    0x1

"P2", part 2 of 2:                      0x101
  .near.bss          zero     0x000011   0xfa  bsp_conf.o [2]
  .near.bss          zero     0x00010b    0x4  bsp_conf.o [2]
  .near.bss          zero     0x00010f    0x2  bsp_conf.o [2]
  .near.bss          zero     0x000111    0x1  bsp_conf.o [2]
                            - 0x000112  0x101

"A1":                                   0x200
  CSTACK                      0x000600  0x200  <Block>
    CSTACK           uninit   0x000600  0x200  <Block tail>
                            - 0x000800  0x200

"A2":                                    0x80
  INTVEC                      0x008000   0x80  <Block>
    .intvec          const    0x008000   0x80  interrupt.o [4]
                            - 0x008080   0x80

"P3-P5":                                0xfa6
  .near_func.text    ro code  0x008080  0x14b  stm8l15x_itc.o [2]
  .near_func.text    ro code  0x0081cb  0x11f  stm8l15x_exti.o [2]
  .near_func.text    ro code  0x0082ea   0xd8  bsp_conf.o [2]
  .near_func.text    ro code  0x0083c2   0xcf  stm8l15x_usart.o [2]
  .near_func.text    ro code  0x008491   0xcb  vreg_util.o [4]
  .near_func.text    ro code  0x00855c   0xa9  stm8l15x_usart.o [2]
  .near_func.text    ro code  0x008605   0x94  stm8l15x_usart.o [2]
  .near_func.text    ro code  0x008699   0x91  stm8l15x_clk.o [2]
  .near_func.text    ro code  0x00872a   0x8e  stm8l15x_clk.o [2]
  .near_func.text    ro code  0x0087b8   0x8e  stm8l15x_gpio.o [2]
  .near_func.text    ro code  0x008846   0x86  long.o [4]
  .near_func.text    ro code  0x0088cc   0x73  bsp_conf.o [2]
  .near_func.text    ro code  0x00893f   0x65  stm8l15x_tim2.o [2]
  .near_func.text    ro code  0x0089a4   0x65  stm8l15x_tim3.o [2]
  .near_func.text    ro code  0x008a09   0x4d  bsp_conf.o [2]
  .near_func.text    ro code  0x008a56   0x48  bsp_conf.o [2]
  .near_func.text    ro code  0x008a9e   0x45  bsp_conf.o [2]
  .near_func.text    ro code  0x008ae3   0x3d  bsp_conf.o [2]
  .near_func.text    ro code  0x008b20   0x3c  bsp_conf.o [2]
  .near_func.text    ro code  0x008b5c   0x3a  bsp_conf.o [2]
  .near_func.text    ro code  0x008b96   0x39  bsp_conf.o [2]
  .near_func.text    ro code  0x008bcf   0x36  long_util.o [4]
  .near_func.text    ro code  0x008c05   0x2f  main.o [2]
  .near_func.text    ro code  0x008c34   0x2b  stm8l15x_usart.o [2]
  .near_func.text    ro code  0x008c5f   0x28  init_small.o [4]
  .near_func.text    ro code  0x008c87   0x27  stm8l15x_usart.o [2]
  .near_func.text    ro code  0x008cae   0x27  bsp_conf.o [2]
  .near_func.text    ro code  0x008cd5   0x25  stm8l15x_tim2.o [2]
  .near_func.text    ro code  0x008cfa   0x25  stm8l15x_tim3.o [2]
  .near_func.text    ro code  0x008d1f   0x24  stm8l15x_tim2.o [2]
  .near_func.text    ro code  0x008d43   0x24  stm8l15x_tim3.o [2]
  .near_func.text    ro code  0x008d67   0x22  stm8l15x_exti.o [2]
  .near_func.text    ro code  0x008d89   0x22  bsp_conf.o [2]
  .near_func.text    ro code  0x008dab   0x21  stm8l15x_tim4.o [2]
  .iar.init_table    const    0x008dcc   0x12  - Linker created -
  .near_func.text    ro code  0x008dde   0x1e  init_small.o [4]
  .near_func.text    ro code  0x008dfc   0x1d  delay.o [2]
  .near_func.text    ro code  0x008e19   0x1c  stm8l15x_it.o [2]
  .near_func.text    ro code  0x008e35   0x1a  stm8l15x_tim2.o [2]
  .near_func.text    ro code  0x008e4f   0x1a  stm8l15x_tim3.o [2]
  .near_func.text    ro code  0x008e69   0x1a  delay.o [2]
  .near_func.text    ro code  0x008e83   0x16  stm8l15x_it.o [2]
  .near_func.text    ro code  0x008e99   0x16  stm8l15x_it.o [2]
  .near_func.text    ro code  0x008eaf   0x16  stm8l15x_it.o [2]
  .near_func.text    ro code  0x008ec5   0x16  stm8l15x_it.o [2]
  .near_func.text    ro code  0x008edb   0x16  stm8l15x_it.o [2]
  .near_func.text    ro code  0x008ef1   0x16  memset.o [4]
  .near_func.text    ro code  0x008f07   0x14  init.o [4]
  .near_func.text    ro code  0x008f1b   0x14  __dbg_xxexit.o [3]
  .near_func.text    ro code  0x008f2f   0x13  cstartup.o [4]
  .near_func.text    ro code  0x008f42    0xe  stm8l15x_clk.o [2]
  .near_func.text    ro code  0x008f50    0xe  stm8l15x_tim2.o [2]
  .near_func.text    ro code  0x008f5e    0xe  stm8l15x_tim2.o [2]
  .near_func.text    ro code  0x008f6c    0xe  stm8l15x_tim3.o [2]
  .near_func.text    ro code  0x008f7a    0xe  stm8l15x_tim3.o [2]
  .near_func.text    ro code  0x008f88    0xe  stm8l15x_tim4.o [2]
  .near_func.text    ro code  0x008f96    0xd  short.o [4]
  .near_func.text    ro code  0x008fa3    0xb  stm8l15x_tim2.o [2]
  .near_func.text    ro code  0x008fae    0xb  stm8l15x_tim3.o [2]
  .near_func.text    ro code  0x008fb9    0x9  stm8l15x_tim2.o [2]
  .near_func.text    ro code  0x008fc2    0x9  stm8l15x_tim2.o [2]
  .near_func.text    ro code  0x008fcb    0x9  stm8l15x_tim3.o [2]
  .near_func.text    ro code  0x008fd4    0x9  stm8l15x_tim3.o [2]
  .near_func.text    ro code  0x008fdd    0x9  stm8l15x_tim4.o [2]
  .near.rodata       const    0x008fe6    0x5  stm8l15x_clk.o [2]
  .near_func.text    ro code  0x008feb    0x5  stm8l15x_usart.o [2]
  .near_func.text    ro code  0x008ff0    0x5  cexit.o [4]
  .near_func.text    ro code  0x008ff5    0x4  stm8l15x_clk.o [2]
  .near_func.text    ro code  0x008ff9    0x4  stm8l15x_clk.o [2]
  .near_func.text    ro code  0x008ffd    0x3  stm8l15x_usart.o [2]
  .near_func.text    ro code  0x009000    0x3  exit.o [4]
  .near_func.text    ro code  0x009003    0x3  interrupt.o [4]
  .near_func.text    ro code  0x009006    0x3  low_level_init.o [4]
  .near_func.text    ro code  0x009009    0x3  unhandled_exception.o [4]
  .near_func.text    ro code  0x00900c    0x1  stm8l15x_it.o [2]
  .near_func.text    ro code  0x00900d    0x1  stm8l15x_it.o [2]
  .near_func.text    ro code  0x00900e    0x1  stm8l15x_it.o [2]
  .near_func.text    ro code  0x00900f    0x1  stm8l15x_it.o [2]
  .near_func.text    ro code  0x009010    0x1  stm8l15x_it.o [2]
  .near_func.text    ro code  0x009011    0x1  stm8l15x_it.o [2]
  .near_func.text    ro code  0x009012    0x1  stm8l15x_it.o [2]
  .near_func.text    ro code  0x009013    0x1  stm8l15x_it.o [2]
  .near_func.text    ro code  0x009014    0x1  stm8l15x_it.o [2]
  .near_func.text    ro code  0x009015    0x1  stm8l15x_it.o [2]
  .near_func.text    ro code  0x009016    0x1  stm8l15x_it.o [2]
  .near_func.text    ro code  0x009017    0x1  stm8l15x_it.o [2]
  .near_func.text    ro code  0x009018    0x1  stm8l15x_it.o [2]
  .near_func.text    ro code  0x009019    0x1  stm8l15x_it.o [2]
  .near_func.text    ro code  0x00901a    0x1  stm8l15x_it.o [2]
  .near_func.text    ro code  0x00901b    0x1  stm8l15x_it.o [2]
  .near_func.text    ro code  0x00901c    0x1  stm8l15x_it.o [2]
  .near_func.text    ro code  0x00901d    0x1  stm8l15x_it.o [2]
  .near_func.text    ro code  0x00901e    0x1  stm8l15x_it.o [2]
  .near_func.text    ro code  0x00901f    0x1  stm8l15x_it.o [2]
  .near_func.text    ro code  0x009020    0x1  stm8l15x_it.o [2]
  .near_func.text    ro code  0x009021    0x1  stm8l15x_it.o [2]
  .near_func.text    ro code  0x009022    0x1  stm8l15x_it.o [2]
  .near_func.text    ro code  0x009023    0x1  stm8l15x_it.o [2]
  .near_func.text    ro code  0x009024    0x1  __dbg_break.o [3]
  Initializer bytes  const    0x009025    0x1  <for P2-1>
                            - 0x009026  0xfa6


*******************************************************************************
*** INIT TABLE
***

          Address   Size
          -------   ----
Zero (__iar_zero_init2)
    1 destination range, total size 0x101:
          0x000011  0x101

Copy (__iar_copy_init2)
    1 source range, total size 0x1:
          0x009025    0x1
    1 destination range, total size 0x1:
          0x000010    0x1



*******************************************************************************
*** MODULE SUMMARY
***

    Module                 ro code  ro data  rw data
    ------                 -------  -------  -------
command line: [1]
    ------------------------------------------------
    Total:

d:\myfile_yan\BLE-MESH\BLE_O2N\build\Debug: [2]
    bsp_conf.o                 858               257
    delay.o                     55
    main.o                      47
    stm8l15x_clk.o             309        5
    stm8l15x_exti.o            321
    stm8l15x_gpio.o            142
    stm8l15x_it.o              162
    stm8l15x_itc.o             331
    stm8l15x_tim2.o            257
    stm8l15x_tim3.o            257
    stm8l15x_tim4.o             56
    stm8l15x_usart.o           614
    user_app.o                            1        1
    ------------------------------------------------
    Total:                   3 409        6      258

dbgstm8smd.a: [3]
    __dbg_break.o                1
    __dbg_xxexit.o              20
    ------------------------------------------------
    Total:                      21

dlstm8smn.a: [4]
    cexit.o                      5
    cstartup.o                  19
    exit.o                       3
    init.o                      20
    init_small.o                70
    interrupt.o                  3      128
    long.o                     134
    long_util.o                 54
    low_level_init.o             3
    memset.o                    22
    short.o                     13
    unhandled_exception.o        3
    vreg_util.o                203
    vregs.o                                       16
    ------------------------------------------------
    Total:                     552      128       16

    Linker created                       18      512
----------------------------------------------------
    Grand Total:             3 982      152      786


*******************************************************************************
*** ENTRY LIST
***

Entry                    Address   Size  Type      Object
-----                    -------   ----  ----      ------
.iar.init_table$$Base   0x008dcc          --   Gb  - Linker created -
.iar.init_table$$Limit  0x008dde          --   Gb  - Linker created -
?b0                     0x000000         Data  Gb  vregs.o [4]
?b1                     0x000001         Data  Gb  vregs.o [4]
?b10                    0x00000a         Data  Gb  vregs.o [4]
?b11                    0x00000b         Data  Gb  vregs.o [4]
?b12                    0x00000c         Data  Gb  vregs.o [4]
?b13                    0x00000d         Data  Gb  vregs.o [4]
?b14                    0x00000e         Data  Gb  vregs.o [4]
?b15                    0x00000f         Data  Gb  vregs.o [4]
?b2                     0x000002         Data  Gb  vregs.o [4]
?b3                     0x000003         Data  Gb  vregs.o [4]
?b4                     0x000004         Data  Gb  vregs.o [4]
?b5                     0x000005         Data  Gb  vregs.o [4]
?b6                     0x000006         Data  Gb  vregs.o [4]
?b7                     0x000007         Data  Gb  vregs.o [4]
?b8                     0x000008         Data  Gb  vregs.o [4]
?b9                     0x000009         Data  Gb  vregs.o [4]
?dec32_0x_0x            0x00884b         Code  Gb  long.o [4]
?dec32_l0_l0            0x008846         Code  Gb  long.o [4]
?e0                     0x000001         Data  Gb  vregs.o [4]
?e1                     0x000005         Data  Gb  vregs.o [4]
?e2                     0x000009         Data  Gb  vregs.o [4]
?e3                     0x00000d         Data  Gb  vregs.o [4]
?epilogue_l2            0x008520         Code  Gb  vreg_util.o [4]
?epilogue_l2_l3         0x00851d         Code  Gb  vreg_util.o [4]
?epilogue_w4            0x008524         Code  Gb  vreg_util.o [4]
?l0                     0x000000         Data  Gb  vregs.o [4]
?l1                     0x000004         Data  Gb  vregs.o [4]
?l2                     0x000008         Data  Gb  vregs.o [4]
?l3                     0x00000c         Data  Gb  vregs.o [4]
?load32_0x_l0           0x008bf7         Code  Gb  long_util.o [4]
?load32_l0_0x           0x008bcf         Code  Gb  long_util.o [4]
?load32_l1_0x           0x008beb         Code  Gb  long_util.o [4]
?load32_l1_asp          0x008be0         Code  Gb  long_util.o [4]
?load32_l1_dbsp         0x008bdb         Code  Gb  long_util.o [4]
?load32_l1_xsp          0x008be2         Code  Gb  long_util.o [4]
?mov_e0_e2              0x00852b         Code  Gb  vreg_util.o [4]
?mov_e0_e3              0x008538         Code  Gb  vreg_util.o [4]
?mov_e2_e0              0x008545         Code  Gb  vreg_util.o [4]
?mov_e3_e0              0x008552         Code  Gb  vreg_util.o [4]
?mov_l0_l2              0x008528         Code  Gb  vreg_util.o [4]
?mov_l0_l3              0x008535         Code  Gb  vreg_util.o [4]
?mov_l2_l0              0x008542         Code  Gb  vreg_util.o [4]
?mov_l3_l0              0x00854f         Code  Gb  vreg_util.o [4]
?mov_w1_w5              0x00852e         Code  Gb  vreg_util.o [4]
?mov_w1_w7              0x00853b         Code  Gb  vreg_util.o [4]
?mov_w5_w1              0x008548         Code  Gb  vreg_util.o [4]
?mov_w7_w1              0x008555         Code  Gb  vreg_util.o [4]
?pop_l0                 0x0084e9         Code  Gb  vreg_util.o [4]
?pop_l1                 0x0084f4         Code  Gb  vreg_util.o [4]
?pop_l2                 0x0084ff         Code  Gb  vreg_util.o [4]
?pop_l3                 0x00850a         Code  Gb  vreg_util.o [4]
?pop_w4                 0x0084a9         Code  Gb  vreg_util.o [4]
?push_l0                0x0084b8         Code  Gb  vreg_util.o [4]
?push_l1                0x0084bd         Code  Gb  vreg_util.o [4]
?push_l2                0x0084c2         Code  Gb  vreg_util.o [4]
?push_l3                0x0084c7         Code  Gb  vreg_util.o [4]
?push_w4                0x008491         Code  Gb  vreg_util.o [4]
?sll16_x_x_a            0x008f96         Code  Gb  short.o [4]
?srl16_x_x_4            0x008f9e         Code  Gb  short.o [4]
?udiv32_l0_l0_l1        0x00885f         Code  Gb  long.o [4]
?umod32_l1_l0_l1        0x00885f         Code  Gb  long.o [4]
?w0                     0x000000         Data  Gb  vregs.o [4]
?w1                     0x000002         Data  Gb  vregs.o [4]
?w2                     0x000004         Data  Gb  vregs.o [4]
?w3                     0x000006         Data  Gb  vregs.o [4]
?w4                     0x000008         Data  Gb  vregs.o [4]
?w5                     0x00000a         Data  Gb  vregs.o [4]
?w6                     0x00000c         Data  Gb  vregs.o [4]
?w7                     0x00000e         Data  Gb  vregs.o [4]
ADC1_COMP_IRQHandler    0x00901c    0x1  Code  Gb  stm8l15x_it.o [2]
CLK_GetClockFreq        0x008699   0x91  Code  Gb  stm8l15x_clk.o [2]
CLK_HSICmd              0x008f42    0xe  Code  Gb  stm8l15x_clk.o [2]
CLK_PeripheralClockConfig
                        0x00872a   0x8e  Code  Gb  stm8l15x_clk.o [2]
CLK_SYSCLKDivConfig     0x008ff9    0x4  Code  Gb  stm8l15x_clk.o [2]
CLK_SYSCLKSourceConfig  0x008ff5    0x4  Code  Gb  stm8l15x_clk.o [2]
CSTACK$$Base            0x000600          --   Gb  - Linker created -
CSTACK$$Limit           0x000800          --   Gb  - Linker created -
DMA1_CHANNEL0_1_IRQHandler
                        0x00900e    0x1  Code  Gb  stm8l15x_it.o [2]
DMA1_CHANNEL2_3_IRQHandler
                        0x00900f    0x1  Code  Gb  stm8l15x_it.o [2]
EXTI0_IRQHandler        0x009014    0x1  Code  Gb  stm8l15x_it.o [2]
EXTI1_IRQHandler        0x009015    0x1  Code  Gb  stm8l15x_it.o [2]
EXTI2_IRQHandler        0x008e83   0x16  Code  Gb  stm8l15x_it.o [2]
EXTI3_IRQHandler        0x009016    0x1  Code  Gb  stm8l15x_it.o [2]
EXTI4_IRQHandler        0x008e19   0x1c  Code  Gb  stm8l15x_it.o [2]
EXTI5_IRQHandler        0x009017    0x1  Code  Gb  stm8l15x_it.o [2]
EXTI6_IRQHandler        0x009018    0x1  Code  Gb  stm8l15x_it.o [2]
EXTI7_IRQHandler        0x009019    0x1  Code  Gb  stm8l15x_it.o [2]
EXTIB_G_IRQHandler      0x009012    0x1  Code  Gb  stm8l15x_it.o [2]
EXTID_H_IRQHandler      0x009013    0x1  Code  Gb  stm8l15x_it.o [2]
EXTIE_F_PVD_IRQHandler  0x009011    0x1  Code  Gb  stm8l15x_it.o [2]
EXTI_ClearITPendingBit  0x008d67   0x22  Code  Gb  stm8l15x_exti.o [2]
EXTI_SetPinSensitivity  0x0081cb  0x11f  Code  Gb  stm8l15x_exti.o [2]
FLASH_IRQHandler        0x00900d    0x1  Code  Gb  stm8l15x_it.o [2]
GPIO_Init               0x0087b8   0x8e  Code  Gb  stm8l15x_gpio.o [2]
I2C1_SPI2_IRQHandler    0x009023    0x1  Code  Gb  stm8l15x_it.o [2]
INTVEC$$Base            0x008000          --   Gb  - Linker created -
INTVEC$$Limit           0x008080          --   Gb  - Linker created -
ITC_SetSoftwarePriority
                        0x008080  0x14b  Code  Gb  stm8l15x_itc.o [2]
LCD_AES_IRQHandler      0x00901a    0x1  Code  Gb  stm8l15x_it.o [2]
RTC_CSSLSE_IRQHandler   0x009010    0x1  Code  Gb  stm8l15x_it.o [2]
Region$$Table$$Base     0x008dcc          --   Gb  - Linker created -
Region$$Table$$Limit    0x008dde          --   Gb  - Linker created -
SPI1_IRQHandler         0x009021    0x1  Code  Gb  stm8l15x_it.o [2]
SWITCH_CSS_BREAK_DAC_IRQHandler
                        0x00901b    0x1  Code  Gb  stm8l15x_it.o [2]
SYSDivFactor            0x008fe6    0x5  Data  Gb  stm8l15x_clk.o [2]
TIM1_CC_IRQHandler      0x009020    0x1  Code  Gb  stm8l15x_it.o [2]
TIM1_UPD_OVF_TRG_COM_IRQHandler
                        0x00901f    0x1  Code  Gb  stm8l15x_it.o [2]
TIM2_ARRPreloadConfig   0x008f50    0xe  Code  Gb  stm8l15x_tim2.o [2]
TIM2_CC_USART2_RX_IRQHandler
                        0x00901d    0x1  Code  Gb  stm8l15x_it.o [2]
TIM2_ClearFlag          0x008fa3    0xb  Code  Gb  stm8l15x_tim2.o [2]
TIM2_ClearITPendingBit  0x008fc2    0x9  Code  Gb  stm8l15x_tim2.o [2]
TIM2_Cmd                0x008f5e    0xe  Code  Gb  stm8l15x_tim2.o [2]
TIM2_DeInit             0x00893f   0x65  Code  Gb  stm8l15x_tim2.o [2]
TIM2_GetFlagStatus      0x008cd5   0x25  Code  Gb  stm8l15x_tim2.o [2]
TIM2_IRQHandler         0x008cae   0x27  Code  Gb  bsp_conf.o [2]
TIM2_ITConfig           0x008e35   0x1a  Code  Gb  stm8l15x_tim2.o [2]
TIM2_SetCounter         0x008fb9    0x9  Code  Gb  stm8l15x_tim2.o [2]
TIM2_TimeBaseInit       0x008d1f   0x24  Code  Gb  stm8l15x_tim2.o [2]
TIM2_UPD_OVF_TRG_BRK_USART2_TX_IRQHandler
                        0x008e99   0x16  Code  Gb  stm8l15x_it.o [2]
TIM3_ARRPreloadConfig   0x008f6c    0xe  Code  Gb  stm8l15x_tim3.o [2]
TIM3_CC_USART3_RX_IRQHandler
                        0x00901e    0x1  Code  Gb  stm8l15x_it.o [2]
TIM3_ClearFlag          0x008fae    0xb  Code  Gb  stm8l15x_tim3.o [2]
TIM3_ClearITPendingBit  0x008fd4    0x9  Code  Gb  stm8l15x_tim3.o [2]
TIM3_Cmd                0x008f7a    0xe  Code  Gb  stm8l15x_tim3.o [2]
TIM3_DeInit             0x0089a4   0x65  Code  Gb  stm8l15x_tim3.o [2]
TIM3_GetFlagStatus      0x008cfa   0x25  Code  Gb  stm8l15x_tim3.o [2]
TIM3_IRQHandler         0x008d89   0x22  Code  Gb  bsp_conf.o [2]
TIM3_ITConfig           0x008e4f   0x1a  Code  Gb  stm8l15x_tim3.o [2]
TIM3_SetCounter         0x008fcb    0x9  Code  Gb  stm8l15x_tim3.o [2]
TIM3_TimeBaseInit       0x008d43   0x24  Code  Gb  stm8l15x_tim3.o [2]
TIM3_UPD_OVF_TRG_BRK_USART3_TX_IRQHandler
                        0x008eaf   0x16  Code  Gb  stm8l15x_it.o [2]
TIM4_ClearITPendingBit  0x008fdd    0x9  Code  Gb  stm8l15x_tim4.o [2]
TIM4_Cmd                0x008f88    0xe  Code  Gb  stm8l15x_tim4.o [2]
TIM4_DeInit             0x008dab   0x21  Code  Gb  stm8l15x_tim4.o [2]
TIM4_UPD_OVF_TRG_IRQHandler
                        0x008ec5   0x16  Code  Gb  stm8l15x_it.o [2]
TRAP_IRQHandler         0x00900c    0x1  Code  Gb  stm8l15x_it.o [2]
USART1_IRQHandler       0x0088cc   0x73  Code  Gb  bsp_conf.o [2]
USART1_RX_STA           0x00010f    0x2  Data  Gb  bsp_conf.o [2]
USART1_RX_TIM5_CC_IRQHandler
                        0x008edb   0x16  Code  Gb  stm8l15x_it.o [2]
USART1_RX_buf           0x000011   0xfa  Data  Gb  bsp_conf.o [2]
USART1_TX_TIM5_UPD_OVF_TRG_BRK_IRQHandler
                        0x009022    0x1  Code  Gb  stm8l15x_it.o [2]
USART_ClearITPendingBit
                        0x008feb    0x5  Code  Gb  stm8l15x_usart.o [2]
USART_Cmd               0x008c34   0x2b  Code  Gb  stm8l15x_usart.o [2]
USART_DeInit            0x008c87   0x27  Code  Gb  stm8l15x_usart.o [2]
USART_GetITStatus       0x00855c   0xa9  Code  Gb  stm8l15x_usart.o [2]
USART_ITConfig          0x008605   0x94  Code  Gb  stm8l15x_usart.o [2]
USART_Init              0x0083c2   0xcf  Code  Gb  stm8l15x_usart.o [2]
USART_ReceiveData8      0x008ffd    0x3  Code  Gb  stm8l15x_usart.o [2]
__DebugBreak            0x009024    0x1  Code  Gb  __dbg_break.o [3]
__exit                  0x008f1b   0x14  Code  Gb  __dbg_xxexit.o [3]
__iar_copy_init2        0x008c5f         Code  Gb  init_small.o [4]
__iar_data_init2        0x008f07   0x14  Code  Gb  init.o [4]
__iar_program_start     0x008f2f         Code  Gb  cstartup.o [4]
__iar_unhandled_exception
                        0x009009         Code  Gb  unhandled_exception.o [4]
__iar_zero_init2        0x008dde         Code  Gb  init_small.o [4]
__intvec                0x008000         Data  Gb  interrupt.o [4]
__low_level_init        0x009006    0x3  Code  Gb  low_level_init.o [4]
_exit                   0x008ff0         Code  Gb  cexit.o [4]
_interrupt_1            0x00900c         Code  Gb  stm8l15x_it.o [2]
_interrupt_10           0x009014         Code  Gb  stm8l15x_it.o [2]
_interrupt_11           0x009015         Code  Gb  stm8l15x_it.o [2]
_interrupt_12           0x008e83         Code  Gb  stm8l15x_it.o [2]
_interrupt_13           0x009016         Code  Gb  stm8l15x_it.o [2]
_interrupt_14           0x008e19         Code  Gb  stm8l15x_it.o [2]
_interrupt_15           0x009017         Code  Gb  stm8l15x_it.o [2]
_interrupt_16           0x009018         Code  Gb  stm8l15x_it.o [2]
_interrupt_17           0x009019         Code  Gb  stm8l15x_it.o [2]
_interrupt_18           0x00901a         Code  Gb  stm8l15x_it.o [2]
_interrupt_19           0x00901b         Code  Gb  stm8l15x_it.o [2]
_interrupt_20           0x00901c         Code  Gb  stm8l15x_it.o [2]
_interrupt_21           0x008e99         Code  Gb  stm8l15x_it.o [2]
_interrupt_22           0x00901d         Code  Gb  stm8l15x_it.o [2]
_interrupt_23           0x008eaf         Code  Gb  stm8l15x_it.o [2]
_interrupt_24           0x00901e         Code  Gb  stm8l15x_it.o [2]
_interrupt_25           0x00901f         Code  Gb  stm8l15x_it.o [2]
_interrupt_26           0x009020         Code  Gb  stm8l15x_it.o [2]
_interrupt_27           0x008ec5         Code  Gb  stm8l15x_it.o [2]
_interrupt_28           0x009021         Code  Gb  stm8l15x_it.o [2]
_interrupt_29           0x009022         Code  Gb  stm8l15x_it.o [2]
_interrupt_3            0x00900d         Code  Gb  stm8l15x_it.o [2]
_interrupt_30           0x008edb         Code  Gb  stm8l15x_it.o [2]
_interrupt_31           0x009023         Code  Gb  stm8l15x_it.o [2]
_interrupt_4            0x00900e         Code  Gb  stm8l15x_it.o [2]
_interrupt_5            0x00900f         Code  Gb  stm8l15x_it.o [2]
_interrupt_6            0x009010         Code  Gb  stm8l15x_it.o [2]
_interrupt_7            0x009011         Code  Gb  stm8l15x_it.o [2]
_interrupt_8            0x009012         Code  Gb  stm8l15x_it.o [2]
_interrupt_9            0x009013         Code  Gb  stm8l15x_it.o [2]
beep_play_time          0x00010b    0x4  Data  Gb  bsp_conf.o [2]
bsp_beep_it             0x008a9e   0x45  Code  Gb  bsp_conf.o [2]
bsp_clk_init            0x008b96   0x39  Code  Gb  bsp_conf.o [2]
bsp_gpio_init           0x0082ea   0xd8  Code  Gb  bsp_conf.o [2]
bsp_key_detec           0x008b5c   0x3a  Code  Gb  bsp_conf.o [2]
bsp_tim2_init           0x008b20   0x3c  Code  Gb  bsp_conf.o [2]
bsp_tim3_init           0x008ae3   0x3d  Code  Gb  bsp_conf.o [2]
bsp_uart_init           0x008a09   0x4d  Code  Gb  bsp_conf.o [2]
delay_ms_1              0x008e69   0x1a  Code  Gb  delay.o [2]
delay_us_1              0x008dfc   0x1d  Code  Gb  delay.o [2]
exit                    0x009000    0x3  Code  Gb  exit.o [4]
key_flag                0x000111    0x1  Data  Gb  bsp_conf.o [2]
main                    0x008c05   0x2f  Code  Gb  main.o [2]
memset                  0x008ef1   0x16  Code  Gb  memset.o [4]
mode_IRQHandler         0x008a56   0x48  Code  Gb  bsp_conf.o [2]
myflag                  0x000010    0x1  Data  Gb  user_app.o [2]


[1] = command line
[2] = d:\myfile_yan\BLE-MESH\BLE_O2N\build\Debug
[3] = dbgstm8smd.a
[4] = dlstm8smn.a

  3 982 bytes of readonly  code memory
    152 bytes of readonly  data memory
    786 bytes of readwrite data memory

Errors: none
Warnings: none
